// Vitest Snapshot v1, https://vitest.dev/guide/snapshot.html

exports[`FirstStepApp > should match snapshot 1`] = `
<div>
  <h1>
    Carrito de compras
  </h1>
  <section
    class="_item-row_a1c071"
  >
    <span
      class="_item-text_a1c071"
      style="color: red;"
    >
      Nintendo Switch 2
    </span>
    <button>
      +1
    </button>
    <span>
      1
    </span>
    <button>
      -1
    </button>
  </section>
  <section
    class="_item-row_a1c071"
  >
    <span
      class="_item-text_a1c071"
      style="color: black;"
    >
      Pro Controller
    </span>
    <button>
      +1
    </button>
    <span>
      2
    </span>
    <button>
      -1
    </button>
  </section>
  <section
    class="_item-row_a1c071"
  >
    <span
      class="_item-text_a1c071"
      style="color: black;"
    >
      Super Smash
    </span>
    <button>
      +1
    </button>
    <span>
      5
    </span>
    <button>
      -1
    </button>
  </section>
</div>
`;
